Gym has been unmaintained since 2022 and does not support NumPy 2.0 amongst other critical functionality.
Please upgrade to Gymnasium, the maintained drop-in replacement of Gym, or contact the authors of your software and request that they upgrade.
Users of this version of Gym should be able to simply replace 'import gym' with 'import gymnasium as gym' in the vast majority of cases.
See the migration guide at https://gymnasium.farama.org/introduction/migration_guide/ for additional information.
[Path] Using preferred root: /homes/sohawan2/reinforcement-learning-thesis/code_practice

===== Stable-Baselines3 Interactive Runner =====
[Path] Project root: /homes/sohawan2/reinforcement-learning-thesis/code_practice

== Choose Environment ==
  [1] CartPole-v1
  [2] LunarLander-v2
  [3] LunarLanderContinuous-v3
  [4] Taxi-v3
  [5] SuperMarioBros-1-1-v3
  [6] Humanoid-v4
Enter index 1~6: Traceback (most recent call last):
  File "/homes/sohawan2/reinforcement-learning-thesis/code_practice/interactive_rl_runner.py", line 770, in <module>
    main()
  File "/homes/sohawan2/reinforcement-learning-thesis/code_practice/interactive_rl_runner.py", line 644, in main
    env_id = ask_choice("Environment", ENVS)
  File "/homes/sohawan2/reinforcement-learning-thesis/code_practice/interactive_rl_runner.py", line 615, in ask_choice
    raw = input(f"Enter index 1~{len(options)}: ").strip()
OSError: [Errno 9] Bad file descriptor
