nohup: ignoring input
Gym has been unmaintained since 2022 and does not support NumPy 2.0 amongst other critical functionality.
Please upgrade to Gymnasium, the maintained drop-in replacement of Gym, or contact the authors of your software and request that they upgrade.
Users of this version of Gym should be able to simply replace 'import gym' with 'import gymnasium as gym' in the vast majority of cases.
See the migration guide at https://gymnasium.farama.org/introduction/migration_guide/ for additional information.
/homes/sohawan2/.local/lib/python3.10/site-packages/stable_baselines3/common/vec_env/base_vec_env.py:78: UserWarning: The `render_mode` attribute is not defined in your environment. It will be set to None.
  warnings.warn("The `render_mode` attribute is not defined in your environment. It will be set to None.")
/homes/sohawan2/.local/lib/python3.10/site-packages/stable_baselines3/common/policies.py:486: UserWarning: As shared layers in the mlp_extractor are removed since SB3 v1.8.0, you should now pass directly a dictionary and not a list (net_arch=dict(pi=..., vf=...) instead of net_arch=[dict(pi=..., vf=...)])
  warnings.warn(
[Path] Using preferred root: /homes/sohawan2/reinforcement-learning-thesis/code_practice

===== Stable‑Baselines3 Interactive Runner =====
[Path] Project root: /homes/sohawan2/reinforcement-learning-thesis/code_practice
[Info] SuperMarioBros-1-1-v3 action space = Discrete → allowed algos: ['DQN', 'PPO', 'A2C']
Using cuda device

===== Training Start =====
{
  "env_id": "SuperMarioBros-1-1-v3",
  "algo": "A2C",
  "policy": "CnnPolicy",
  "seed": 0,
  "total_timesteps": 2000000,
  "num_envs": 1,
  "use_vecnorm": false
}
Logging to /homes/sohawan2/reinforcement-learning-thesis/code_practice/runs/SuperMarioBros_1_1_v3/A2C/20250928-030039/tb/A2C_1
/homes/sohawan2/miniconda3/envs/rl/lib/python3.10/site-packages/gym/utils/passive_env_checker.py:233: DeprecationWarning: `np.bool8` is a deprecated alias for `np.bool_`.  (Deprecated NumPy 1.24)
  if not isinstance(terminated, (bool, np.bool8)):
/homes/sohawan2/miniconda3/envs/rl/lib/python3.10/site-packages/gym_super_mario_bros/smb_env.py:148: RuntimeWarning: overflow encountered in scalar subtract
  return (self.ram[0x86] - self.ram[0x071c]) % 256
------------------------------------
| rollout/              |          |
|    ep_len_mean        | 321      |
|    ep_rew_mean        | 598      |
| time/                 |          |
|    fps                | 88       |
|    iterations         | 100      |
|    time_elapsed       | 18       |
|    total_timesteps    | 1600     |
| train/                |          |
|    entropy_loss       | -1.87    |
|    explained_variance | 8.39e-05 |
|    learning_rate      | 0.0003   |
|    n_updates          | 99       |
|    policy_loss        | 0.0569   |
|    value_loss         | 0.0855   |
------------------------------------
-------------------------------------
| rollout/              |           |
|    ep_len_mean        | 732       |
|    ep_rew_mean        | 970       |
| time/                 |           |
|    fps                | 91        |
|    iterations         | 200       |
|    time_elapsed       | 35        |
|    total_timesteps    | 3200      |
| train/                |           |
|    entropy_loss       | -1.78     |
|    explained_variance | -0.000181 |
|    learning_rate      | 0.0003    |
|    n_updates          | 199       |
|    policy_loss        | 73.6      |
|    value_loss         | 2.38e+03  |
-------------------------------------
-------------------------------------
| rollout/              |           |
|    ep_len_mean        | 429       |
|    ep_rew_mean        | 1.1e+03   |
| time/                 |           |
|    fps                | 92        |
|    iterations         | 300       |
|    time_elapsed       | 51        |
|    total_timesteps    | 4800      |
| train/                |           |
|    entropy_loss       | -1.51     |
|    explained_variance | -1.19e-06 |
|    learning_rate      | 0.0003    |
|    n_updates          | 299       |
|    policy_loss        | 72.9      |
|    value_loss         | 2.25e+03  |
-------------------------------------
------------------------------------
| rollout/              |          |
|    ep_len_mean        | 357      |
|    ep_rew_mean        | 932      |
| time/                 |          |
|    fps                | 92       |
|    iterations         | 400      |
|    time_elapsed       | 68       |
|    total_timesteps    | 6400     |
| train/                |          |
|    entropy_loss       | -1.65    |
|    explained_variance | 1.19e-05 |
|    learning_rate      | 0.0003   |
|    n_updates          | 399      |
|    policy_loss        | -4.12    |
|    value_loss         | 9.66     |
------------------------------------
-------------------------------------
| rollout/              |           |
|    ep_len_mean        | 397       |
|    ep_rew_mean        | 918       |
| time/                 |           |
|    fps                | 93        |
|    iterations         | 500       |
|    time_elapsed       | 85        |
|    total_timesteps    | 8000      |
| train/                |           |
|    entropy_loss       | -1.77     |
|    explained_variance | -9.54e-07 |
|    learning_rate      | 0.0003    |
|    n_updates          | 499       |
|    policy_loss        | 92.8      |
|    value_loss         | 3.93e+03  |
-------------------------------------
------------------------------------
| rollout/              |          |
|    ep_len_mean        | 386      |
|    ep_rew_mean        | 917      |
| time/                 |          |
|    fps                | 93       |
|    iterations         | 600      |
|    time_elapsed       | 102      |
|    total_timesteps    | 9600     |
| train/                |          |
|    entropy_loss       | -1.69    |
|    explained_variance | 9.79e-05 |
|    learning_rate      | 0.0003   |
|    n_updates          | 599      |
|    policy_loss        | 122      |
|    value_loss         | 6.77e+03 |
------------------------------------
------------------------------------
| rollout/              |          |
|    ep_len_mean        | 351      |
|    ep_rew_mean        | 887      |
| time/                 |          |
|    fps                | 93       |
|    iterations         | 700      |
|    time_elapsed       | 119      |
|    total_timesteps    | 11200    |
| train/                |          |
|    entropy_loss       | -1.4     |
|    explained_variance | 2.31e-05 |
|    learning_rate      | 0.0003   |
|    n_updates          | 699      |
|    policy_loss        | 73.2     |
|    value_loss         | 3.89e+03 |
------------------------------------
-------------------------------------
| rollout/              |           |
|    ep_len_mean        | 337       |
|    ep_rew_mean        | 838       |
| time/                 |           |
|    fps                | 93        |
|    iterations         | 800       |
|    time_elapsed       | 136       |
|    total_timesteps    | 12800     |
| train/                |           |
|    entropy_loss       | -1.69     |
|    explained_variance | -0.000324 |
|    learning_rate      | 0.0003    |
|    n_updates          | 799       |
|    policy_loss        | 66.3      |
|    value_loss         | 1.6e+03   |
-------------------------------------
------------------------------------
| rollout/              |          |
|    ep_len_mean        | 311      |
|    ep_rew_mean        | 798      |
| time/                 |          |
|    fps                | 94       |
|    iterations         | 900      |
|    time_elapsed       | 152      |
|    total_timesteps    | 14400    |
| train/                |          |
|    entropy_loss       | -1.59    |
|    explained_variance | 1.59e-05 |
|    learning_rate      | 0.0003   |
|    n_updates          | 899      |
|    policy_loss        | 28.3     |
|    value_loss         | 467      |
------------------------------------
------------------------------------
| rollout/              |          |
|    ep_len_mean        | 295      |
|    ep_rew_mean        | 776      |
| time/                 |          |
|    fps                | 94       |
|    iterations         | 1000     |
|    time_elapsed       | 169      |
|    total_timesteps    | 16000    |
| train/                |          |
|    entropy_loss       | -1.86    |
|    explained_variance | 0.000282 |
|    learning_rate      | 0.0003   |
|    n_updates          | 999      |
|    policy_loss        | 81.7     |
|    value_loss         | 3.29e+03 |
------------------------------------
------------------------------------
| rollout/              |          |
|    ep_len_mean        | 306      |
|    ep_rew_mean        | 779      |
| time/                 |          |
|    fps                | 94       |
|    iterations         | 1100     |
|    time_elapsed       | 186      |
|    total_timesteps    | 17600    |
| train/                |          |
|    entropy_loss       | -1.77    |
|    explained_variance | 3.7e-06  |
|    learning_rate      | 0.0003   |
|    n_updates          | 1099     |
|    policy_loss        | 143      |
|    value_loss         | 8.41e+03 |
------------------------------------
------------------------------------
| rollout/              |          |
|    ep_len_mean        | 322      |
|    ep_rew_mean        | 776      |
| time/                 |          |
|    fps                | 94       |
|    iterations         | 1200     |
|    time_elapsed       | 203      |
|    total_timesteps    | 19200    |
| train/                |          |
|    entropy_loss       | -1.7     |
|    explained_variance | 3.02e-05 |
|    learning_rate      | 0.0003   |
|    n_updates          | 1199     |
|    policy_loss        | -0.107   |
|    value_loss         | 0.216    |
------------------------------------
------------------------------------
| rollout/              |          |
|    ep_len_mean        | 351      |
|    ep_rew_mean        | 770      |
| time/                 |          |
|    fps                | 94       |
|    iterations         | 1300     |
|    time_elapsed       | 220      |
|    total_timesteps    | 20800    |
| train/                |          |
|    entropy_loss       | -1.79    |
|    explained_variance | -0.00147 |
|    learning_rate      | 0.0003   |
|    n_updates          | 1299     |
|    policy_loss        | 43.4     |
|    value_loss         | 628      |
------------------------------------
------------------------------------
| rollout/              |          |
|    ep_len_mean        | 337      |
|    ep_rew_mean        | 750      |
| time/                 |          |
|    fps                | 94       |
|    iterations         | 1400     |
|    time_elapsed       | 237      |
|    total_timesteps    | 22400    |
| train/                |          |
|    entropy_loss       | -1.68    |
|    explained_variance | 0.00064  |
|    learning_rate      | 0.0003   |
|    n_updates          | 1399     |
|    policy_loss        | -5.39    |
|    value_loss         | 11.8     |
------------------------------------
------------------------------------
| rollout/              |          |
|    ep_len_mean        | 335      |
|    ep_rew_mean        | 748      |
| time/                 |          |
|    fps                | 93       |
|    iterations         | 1500     |
|    time_elapsed       | 256      |
|    total_timesteps    | 24000    |
| train/                |          |
|    entropy_loss       | -1.84    |
|    explained_variance | 5.36e-07 |
|    learning_rate      | 0.0003   |
|    n_updates          | 1499     |
|    policy_loss        | -0.967   |
|    value_loss         | 0.4      |
------------------------------------
------------------------------------
| rollout/              |          |
|    ep_len_mean        | 354      |
|    ep_rew_mean        | 741      |
| time/                 |          |
|    fps                | 91       |
|    iterations         | 1600     |
|    time_elapsed       | 278      |
|    total_timesteps    | 25600    |
| train/                |          |
|    entropy_loss       | -1.7     |
|    explained_variance | 5.66e-06 |
|    learning_rate      | 0.0003   |
|    n_updates          | 1599     |
|    policy_loss        | 10.7     |
|    value_loss         | 32.7     |
------------------------------------
------------------------------------
| rollout/              |          |
|    ep_len_mean        | 353      |
|    ep_rew_mean        | 746      |
| time/                 |          |
|    fps                | 90       |
|    iterations         | 1700     |
|    time_elapsed       | 300      |
|    total_timesteps    | 27200    |
| train/                |          |
|    entropy_loss       | -1.79    |
|    explained_variance | 1.85e-05 |
|    learning_rate      | 0.0003   |
|    n_updates          | 1699     |
|    policy_loss        | -5.68    |
|    value_loss         | 14.2     |
------------------------------------
-------------------------------------
| rollout/              |           |
|    ep_len_mean        | 355       |
|    ep_rew_mean        | 747       |
| time/                 |           |
|    fps                | 89        |
|    iterations         | 1800      |
|    time_elapsed       | 322       |
|    total_timesteps    | 28800     |
| train/                |           |
|    entropy_loss       | -1.69     |
|    explained_variance | -0.000109 |
|    learning_rate      | 0.0003    |
|    n_updates          | 1799      |
|    policy_loss        | 109       |
|    value_loss         | 3.52e+03  |
-------------------------------------
-------------------------------------
| rollout/              |           |
|    ep_len_mean        | 334       |
|    ep_rew_mean        | 728       |
| time/                 |           |
|    fps                | 88        |
|    iterations         | 1900      |
|    time_elapsed       | 344       |
|    total_timesteps    | 30400     |
| train/                |           |
|    entropy_loss       | -1.15     |
|    explained_variance | -8.34e-07 |
|    learning_rate      | 0.0003    |
|    n_updates          | 1899      |
|    policy_loss        | 29.4      |
|    value_loss         | 2.43e+03  |
-------------------------------------
-------------------------------------
| rollout/              |           |
|    ep_len_mean        | 308       |
|    ep_rew_mean        | 712       |
| time/                 |           |
|    fps                | 88        |
|    iterations         | 2000      |
|    time_elapsed       | 362       |
|    total_timesteps    | 32000     |
| train/                |           |
|    entropy_loss       | -1.09     |
|    explained_variance | -7.15e-07 |
|    learning_rate      | 0.0003    |
|    n_updates          | 1999      |
|    policy_loss        | -2.31     |
|    value_loss         | 20.7      |
-------------------------------------
------------------------------------
| rollout/              |          |
|    ep_len_mean        | 282      |
|    ep_rew_mean        | 674      |
| time/                 |          |
|    fps                | 86       |
|    iterations         | 2100     |
|    time_elapsed       | 386      |
|    total_timesteps    | 33600    |
| train/                |          |
|    entropy_loss       | -1.09    |
|    explained_variance | 4.17e-07 |
|    learning_rate      | 0.0003   |
|    n_updates          | 2099     |
|    policy_loss        | 4.79     |
|    value_loss         | 250      |
------------------------------------
-------------------------------------
| rollout/              |           |
|    ep_len_mean        | 265       |
|    ep_rew_mean        | 681       |
| time/                 |           |
|    fps                | 85        |
|    iterations         | 2200      |
|    time_elapsed       | 412       |
|    total_timesteps    | 35200     |
| train/                |           |
|    entropy_loss       | -0.499    |
|    explained_variance | -1.19e-07 |
|    learning_rate      | 0.0003    |
|    n_updates          | 2199      |
|    policy_loss        | -1.45     |
|    value_loss         | 31.3      |
-------------------------------------
-------------------------------------
| rollout/              |           |
|    ep_len_mean        | 259       |
|    ep_rew_mean        | 680       |
| time/                 |           |
|    fps                | 83        |
|    iterations         | 2300      |
|    time_elapsed       | 439       |
|    total_timesteps    | 36800     |
| train/                |           |
|    entropy_loss       | -0.545    |
|    explained_variance | -1.19e-07 |
|    learning_rate      | 0.0003    |
|    n_updates          | 2299      |
|    policy_loss        | 24.5      |
|    value_loss         | 2.33e+03  |
-------------------------------------
------------------------------------
| rollout/              |          |
|    ep_len_mean        | 244      |
|    ep_rew_mean        | 678      |
| time/                 |          |
|    fps                | 82       |
|    iterations         | 2400     |
|    time_elapsed       | 465      |
|    total_timesteps    | 38400    |
| train/                |          |
|    entropy_loss       | -1.3     |
|    explained_variance | 0        |
|    learning_rate      | 0.0003   |
|    n_updates          | 2399     |
|    policy_loss        | -8.23    |
|    value_loss         | 38.4     |
------------------------------------
------------------------------------
| rollout/              |          |
|    ep_len_mean        | 240      |
|    ep_rew_mean        | 670      |
| time/                 |          |
|    fps                | 81       |
|    iterations         | 2500     |
|    time_elapsed       | 493      |
|    total_timesteps    | 40000    |
| train/                |          |
|    entropy_loss       | -1.29    |
|    explained_variance | 4.17e-07 |
|    learning_rate      | 0.0003   |
|    n_updates          | 2499     |
|    policy_loss        | -6.69    |
|    value_loss         | 42.2     |
------------------------------------
   |
|    n_updates            | 180        |
|    policy_gradient_loss | -0.0456    |
|    value_loss           | 920        |
----------------------------------------
----------------------------------------
| rollout/                |            |
|    ep_len_mean          | 96         |
|    ep_rew_mean          | 409        |
| time/                   |            |
|    fps                  | 94         |
|    iterations           | 20         |
|    time_elapsed         | 433        |
|    total_timesteps      | 40960      |
| train/                  |            |
|    approx_kl            | 0.27620554 |
|    clip_fraction        | 0.343      |
|    clip_range           | 0.2        |
|    entropy_loss         | -0.444     |
|    explained_variance   | 0.354      |
|    learning_rate        | 0.00025    |
|    loss                 | 770        |
|    n_updates            | 190        |
|    policy_gradient_loss | 0.0157     |
|    value_loss           | 1.92e+03   |
----------------------------------------
-----------------------------------------
| rollout/                |             |
|    ep_len_mean          | 99.5        |
|    ep_rew_mean          | 416         |
| time/                   |             |
|    fps                  | 93          |
|    iterations           | 21          |
|    time_elapsed         | 461         |
|    total_timesteps      | 43008       |
| train/                  |             |
|    approx_kl            | 0.006230495 |
|    clip_fraction        | 0.0191      |
|    clip_range           | 0.2         |
|    entropy_loss         | -0.119      |
|    explained_variance   | 0.59        |
|    learning_rate        | 0.00025     |
|    loss                 | 772         |
|    n_updates            | 200         |
|    policy_gradient_loss | -0.00304    |
|    value_loss           | 1.64e+03    |
-----------------------------------------
-----------------------------------------
| rollout/                |             |
|    ep_len_mean          | 103         |
|    ep_rew_mean          | 436         |
| time/                   |             |
|    fps                  | 92          |
|    iterations           | 22          |
|    time_elapsed         | 485         |
|    total_timesteps      | 45056       |
| train/                  |             |
|    approx_kl            | 0.070830524 |
|    clip_fraction        | 0.0644      |
|    clip_range           | 0.2         |
|    entropy_loss         | -0.24       |
|    explained_variance   | 0.262       |
|    learning_rate        | 0.00025     |
|    loss                 | 700         |
|    n_updates            | 210         |
|    policy_gradient_loss | -0.00533    |
|    value_loss           | 1.77e+03    |
-----------------------------------------
--------------------------------------
| rollout/                |          |
|    ep_len_mean          | 103      |
|    ep_rew_mean          | 436      |
| time/                   |          |
|    fps                  | 92       |
|    iterations           | 23       |
|    time_elapsed         | 509      |
|    total_timesteps      | 47104    |
| train/                  |          |
|    approx_kl            | 4.976047 |
|    clip_fraction        | 0.365    |
|    clip_range           | 0.2      |
|    entropy_loss         | -0.315   |
|    explained_variance   | 0.373    |
|    learning_rate        | 0.00025  |
|    loss                 | 1.76e+03 |
|    n_updates            | 220      |
|    policy_gradient_loss | 0.0471   |
|    value_loss           | 3.25e+03 |
--------------------------------------
-------------------------------------------
| rollout/                |               |
|    ep_len_mean          | 126           |
|    ep_rew_mean          | 430           |
| time/                   |               |
|    fps                  | 90            |
|    iterations           | 24            |
|    time_elapsed         | 542           |
|    total_timesteps      | 49152         |
| train/                  |               |
|    approx_kl            | 1.4687558e-08 |
|    clip_fraction        | 0             |
|    clip_range           | 0.2           |
|    entropy_loss         | -0.00011      |
|    explained_variance   | 0.549         |
|    learning_rate        | 0.00025       |
|    loss                 | 5.12          |
|    n_updates            | 230           |
|    policy_gradient_loss | -6.58e-07     |
|    value_loss           | 133           |
-------------------------------------------
----------------------------------------
| rollout/                |            |
|    ep_len_mean          | 126        |
|    ep_rew_mean          | 430        |
| time/                   |            |
|    fps                  | 88         |
|    iterations           | 25         |
|    time_elapsed         | 575        |
|    total_timesteps      | 51200      |
| train/                  |            |
|    approx_kl            | 0.24784279 |
|    clip_fraction        | 0.0672     |
|    clip_range           | 0.2        |
|    entropy_loss         | -0.0568    |
|    explained_variance   | 0.57       |
|    learning_rate        | 0.00025    |
|    loss                 | 64.4       |
|    n_updates            | 240        |
|    policy_gradient_loss | -0.0244    |
|    value_loss           | 732        |
----------------------------------------
----------------------------------------
| rollout/                |            |
|    ep_len_mean          | 150        |
|    ep_rew_mean          | 424        |
| time/                   |            |
|    fps                  | 87         |
|    iterations           | 26         |
|    time_elapsed         | 608        |
|    total_timesteps      | 53248      |
| train/                  |            |
|    approx_kl            | 0.23918957 |
|    clip_fraction        | 0.208      |
|    clip_range           | 0.2        |
|    entropy_loss         | -0.463     |
|    explained_variance   | -15.6      |
|    learning_rate        | 0.00025    |
|    loss                 | 6.77       |
|    n_updates            | 250        |
|    policy_gradient_loss | -0.015     |
|    value_loss           | 64.4       |
----------------------------------------
